// Jest Snapshot v1, https://goo.gl/fbAQLP

exports[`AuthLayout Compare snapshots 1`] = `
.c0 {
  display: block;
  width: 400px;
  margin: auto;
}

.c1 {
  margin-top: 64px;
  display: -webkit-box;
  display: -webkit-flex;
  display: -ms-flexbox;
  display: flex;
  -webkit-flex-direction: column;
  -ms-flex-direction: column;
  flex-direction: column;
  -webkit-align-items: center;
  -webkit-box-align: center;
  -ms-flex-align: center;
  align-items: center;
  padding: 16px 0px 24px;
}

<main
  className="c0"
>
  <div
    className="MuiPaper-root-1 MuiPaper-elevation2-5 MuiPaper-rounded-2 c1"
  />
</main>
`;
